# 008 R2C E2E canonical (bh=128 sl=8192 hd=128 causal=0, warmup=5 iters=20)
# Chain: D → merged(v1) → dk_new → dq_new

## Fingerprint × 4 (all OK)
kernel_d_precompute    numRegs= 38 (expected  38) OK
kernel_merged_v1       numRegs=253 (expected 253) OK
kernel_dk_new          numRegs= 96 (expected  96) OK
kernel_dq_new          numRegs= 56 (expected  56) OK

## Merged wall isolated (5-run, canonical)
run 1: 31.165  tflops_3mma=211.68
run 2: 31.172  tflops_3mma=211.64
run 3: 31.204  tflops_3mma=211.42
run 4: 31.266  tflops_3mma=211.00
run 5: 31.262  tflops_3mma=211.03
median: 31.204 ms  CV: 0.15%
vs R1(ds_gen+dV)=40.54:  Δ=-9.34 ms (-23.0%)

## Sequential R2C E2E (5-run, cudaEvent per-kernel)
run 1: D=0.342  merged=31.227  dk_new=9.568  dq_new=8.645  total=49.781
run 2: D=0.342  merged=31.295  dk_new=9.587  dq_new=8.673  total=49.898
run 3: D=0.342  merged=31.330  dk_new=9.597  dq_new=8.676  total=49.945
run 4: D=0.343  merged=31.336  dk_new=9.598  dq_new=8.678  total=49.955
run 5: D=0.343  merged=31.384  dk_new=9.612  dq_new=8.694  total=50.033
median: 49.945 ms  CV: 0.20%
per-kernel median: 0.343 / 31.334 / 9.598 / 8.678  → sum 49.953 (overhead ~ 0.00)

## Vs baselines
R1  (007) sequential:  59.310 ms   →  Δ = -9.37 ms (-15.79%)
sealed e2e (V3 cert):  61.600 ms   →  Δ =-11.66 ms (-18.94%)

## TFLOPS
16N²d convention (Tri Dao V3 executed sealed): 352.56 T (vs sealed 285.44 T = +23.5%)
10N²d convention (R2C actual 5 MMA = fused-min): 220.10 T ← первое СОВПАДЕНИЕ executed = fused-min
