=== RUN   TestALLM_FABlock_Stage1
    battle_a_llm_fa_stage1_test.go:102: F64-арбитр: loss=7.0180480233 (fwd 13.9s, bwd 55.6s)
    battle_a_llm_fa_stage1_test.go:140: P1 fwd sanity: GPU loss=7.0180477805 vs F64 loss=7.0180480233 (delta=2.428e-07)
    battle_a_llm_fa_stage1_test.go:234: DIAG FA-цепочка (после standalone block, нативный контекст):
    battle_a_llm_fa_stage1_test.go:232:   DIAG L          nan=8192/8192 zero=0 max|.|=0.000e+00
    battle_a_llm_fa_stage1_test.go:232:   DIAG D          nan=8192/8192 zero=0 max|.|=0.000e+00
    battle_a_llm_fa_stage1_test.go:216:   DIAG dO_F32     nan=0/1048576 zero=0 max|.|=9.351e-03
    battle_a_llm_fa_stage1_test.go:232:   DIAG dQ(FA)     nan=1048576/1048576 zero=0 max|.|=0.000e+00
    battle_a_llm_fa_stage1_test.go:232:   DIAG dK(FA)     nan=0/1048576 zero=1048576 max|.|=0.000e+00
    battle_a_llm_fa_stage1_test.go:232:   DIAG dV(FA)     nan=1048576/1048576 zero=0 max|.|=0.000e+00
    battle_a_llm_fa_stage1_test.go:244: FP8-скейлы: scaleQ=4.711985e-03 scaleK=4.655452e-03 scaleV=4.814699e-03
    battle_a_llm_fa_stage1_test.go:245: Пороги зон (по контракту dS direct-cast): T_norm=7.522968e-05 T_subnorm=9.403710e-06
    battle_a_llm_fa_stage1_test.go:293: BLOCK dQ/FA   : NaN=1048576 | зонаA n=0 worst|Δ|=0.000e+00 | субнорм n=0 worst=0.000e+00 | зонаB n=0 worst=0.000e+00 -> FAIL (zone-A floor 5e-3 или NaN)
    battle_a_llm_fa_stage1_test.go:293: BLOCK dQ/recon: NaN=0 | зонаA n=0 worst|Δ|=0.000e+00 | субнорм n=51 worst=1.182e-05 | зонаB n=1048525 worst=9.365e-06 -> PASS
    battle_a_llm_fa_stage1_test.go:293: BLOCK dK/FA   : NaN=0 | зонаA n=0 worst|Δ|=0.000e+00 | субнорм n=0 worst=0.000e+00 | зонаB n=1048576 worst=5.254e-06 -> PASS
    battle_a_llm_fa_stage1_test.go:293: BLOCK dK/recon: NaN=0 | зонаA n=0 worst|Δ|=0.000e+00 | субнорм n=0 worst=0.000e+00 | зонаB n=1048576 worst=1.243e-05 -> PASS
    battle_a_llm_fa_stage1_test.go:293: BLOCK dV/FA   : NaN=1048576 | зонаA n=0 worst|Δ|=0.000e+00 | субнорм n=0 worst=0.000e+00 | зонаB n=0 worst=0.000e+00 -> FAIL (zone-A floor 5e-3 или NaN)
    battle_a_llm_fa_stage1_test.go:293: BLOCK dV/recon: NaN=0 | зонаA n=0 worst|Δ|=0.000e+00 | субнорм n=46355 worst=3.758e-05 | зонаB n=1002221 worst=5.177e-05 -> PASS
    battle_a_llm_fa_stage1_test.go:298: BLOCK A/B: зона A FAIL на 2 путях/тензорах (floor 5e-3, записан до прогона)
    battle_a_llm_fa_stage1_test.go:309: BLOCK dQ FA-vs-recon: max|Δ|=0.000e+00 (справочно; дрожь recon задокументирована)
    battle_a_llm_fa_stage1_test.go:309: BLOCK dK FA-vs-recon: max|Δ|=1.174e-05 (справочно; дрожь recon задокументирована)
    battle_a_llm_fa_stage1_test.go:309: BLOCK dV FA-vs-recon: max|Δ|=0.000e+00 (справочно; дрожь recon задокументирована)
    battle_a_llm_fa_stage1_test.go:368: === CHAIN A/B: 10 точек, PRIMARY vs F64, SECONDARY vs recon ===
    battle_a_llm_fa_stage1_test.go:397:   Wout(top)+V-канарейка  [indep, зона A] f64=-2.705703e-04 FA|Δ|=1.210e-10 recon|Δ|=1.210e-10 -> PASS
    battle_a_llm_fa_stage1_test.go:397:   NormOut(g)             [indep, зона A] f64=+1.950622e-03 FA|Δ|=1.045e-03 recon|Δ|=1.417e-03 -> PASS
    battle_a_llm_fa_stage1_test.go:397:   Wo[L=0]                [indep, зона A] f64=+7.844957e-05 FA|Δ|=3.613e-04 recon|Δ|=7.845e-05 -> PASS
    battle_a_llm_fa_stage1_test.go:397:   W2[L=0]                [indep, зона sub] f64=-1.182481e-05 FA|Δ|=9.956e-04 recon|Δ|=9.241e-04 -> PASS
    battle_a_llm_fa_stage1_test.go:397:   Norm2(g)               [indep, зона A] f64=+1.499226e-03 FA|Δ|=1.474e-02 recon|Δ|=1.358e-02 -> PASS
    battle_a_llm_fa_stage1_test.go:397:   W1[L=0]                [indep, зона sub] f64=-6.278521e-05 FA|Δ|=3.298e-03 recon|Δ|=2.921e-03 -> PASS
    battle_a_llm_fa_stage1_test.go:397:   Wv[L=0]                [FA-dep, зона A] f64=+7.189487e-04 FA|Δ|=NaN recon|Δ|=1.085e-03 -> FAIL (NaN)
    battle_a_llm_fa_stage1_test.go:397:   Norm1(g)               [FA-dep, зона A] f64=-7.802844e-04 FA|Δ|=NaN recon|Δ|=4.547e-03 -> FAIL (NaN)
    battle_a_llm_fa_stage1_test.go:397:   Wq[L=0]                [FA-dep, зона sub] f64=-3.337149e-05 FA|Δ|=NaN recon|Δ|=3.337e-05 -> FAIL (NaN)
    battle_a_llm_fa_stage1_test.go:397:   Embed[i0,d]            [FA-dep, зона A] f64=+9.375191e-05 FA|Δ|=NaN recon|Δ|=2.415e-03 -> FAIL (NaN)
    battle_a_llm_fa_stage1_test.go:401: CHAIN A/B: 4 FAIL
--- FAIL: TestALLM_FABlock_Stage1 (70.51s)
FAIL
=== B2_RUN_COMPLETE ===
FAIL	github.com/djeday123/goml/internal/abjexam	70.740s
FAIL
